Copyright 1986-2022 Xilinx, Inc. All Rights Reserved. Copyright 2022-2025 Advanced Micro Devices, Inc. All Rights Reserved.
---------------------------------------------------------------------------------------------------------------------------------------------
| Tool Version : Vivado v.2025.1 (win64) Build 6140274 Thu May 22 00:12:29 MDT 2025
| Date         : Mon Jul 27 20:41:17 2026
| Host         : Durgpratap running 64-bit major release  (build 9200)
| Command      : report_drc -file sdram_controller_drc_opted.rpt -pb sdram_controller_drc_opted.pb -rpx sdram_controller_drc_opted.rpx
| Design       : sdram_controller
| Device       : xc7z010clg225-1
| Speed File   : -1
| Design State : Synthesized
---------------------------------------------------------------------------------------------------------------------------------------------

Report DRC

Table of Contents
-----------------
1. REPORT SUMMARY
2. REPORT DETAILS

1. REPORT SUMMARY
-----------------
            Netlist: netlist
          Floorplan: checkpoint_sdram_controller
      Design limits: <entire design considered>
           Ruledeck: default
             Max checks: <unlimited>
             Checks found: 4
+---------+------------------+----------------------------+--------+
| Rule    | Severity         | Description                | Checks |
+---------+------------------+----------------------------+--------+
| NSTD-1  | Critical Warning | Unspecified I/O Standard   | 1      |
| UCIO-1  | Critical Warning | Unconstrained Logical Port | 1      |
| IOCNT-1 | Warning          | Number of IOs              | 1      |
| ZPS7-1  | Warning          | PS7 block required         | 1      |
+---------+------------------+----------------------------+--------+

2. REPORT DETAILS
-----------------
NSTD-1#1 Critical Warning
Unspecified I/O Standard  
89 out of 89 logical ports use I/O standard (IOSTANDARD) value 'DEFAULT', instead of a user assigned specific value. This may cause I/O contention or incompatibility with the board power or connectivity affecting performance, signal integrity or in extreme cases cause damage to the device or the components to which it is connected. To correct this violation, specify all I/O standards. This design will fail to generate a bitstream unless all logical ports have a user specified I/O standard value defined. To allow bitstream creation with unspecified I/O standard values (not recommended), use this command: set_property SEVERITY {Warning} [get_drc_checks NSTD-1].  NOTE: When using the Vivado Runs infrastructure (e.g. launch_runs Tcl command), add this command to a .tcl file and add that file as a pre-hook for write_bitstream step for the implementation run. Problem ports: address[10], address[11], address[12], address[13], address[14],
address[15], address[16], address[17], address[18], address[19],
address[20], address[21], address[22], address[23], address[9]
 (the first 15 of 39 listed).
Related violations: <none>

UCIO-1#1 Critical Warning
Unconstrained Logical Port  
89 out of 89 logical ports have no user assigned specific location constraint (LOC). This may cause I/O contention or incompatibility with the board power or connectivity affecting performance, signal integrity or in extreme cases cause damage to the device or the components to which it is connected. To correct this violation, specify all pin locations. This design will fail to generate a bitstream unless all logical ports have a user specified site LOC constraint defined.  To allow bitstream creation with unspecified pin locations (not recommended), use this command: set_property SEVERITY {Warning} [get_drc_checks UCIO-1].  NOTE: When using the Vivado Runs infrastructure (e.g. launch_runs Tcl command), add this command to a .tcl file and add that file as a pre-hook for write_bitstream step for the implementation run.  Problem ports: address[10], address[11], address[12], address[13], address[14],
address[15], address[16], address[17], address[18], address[19],
address[20], address[21], address[22], address[23], address[9]
 (the first 15 of 39 listed).
Related violations: <none>

IOCNT-1#1 Warning
Number of IOs  
The design contains 89 unplaced I/O ports while the target device, xc7z010clg225-1, has 54 remaining available user I/O pins. This DRC assumes that all ports which do not drive MGT pins should be placed on user I/O pins. To correct this issue:
1. Ensure you are targeting the correct device and package. Select a larger device or different package if necessary.
2. Check the top-level ports of the design to ensure the correct number of ports are specified.
3. Consider design changes to reduce the number of user I/O pins needed.

Related violations: <none>

ZPS7-1#1 Warning
PS7 block required  
The PS7 cell must be used in this Zynq design in order to enable correct default configuration.
Related violations: <none>


